// Jest Snapshot v1, https://goo.gl/fbAQLP

exports[`ActivityDetails should load with props 1`] = `null`;
