// Jest Snapshot v1, https://goo.gl/fbAQLP

exports[`renders correctly 1`] = `
<RCTScrollView
  style={
    Object {
      "borderWidth": 2,
      "height": "100%",
    }
  }
>
  <View>
    <View
      style={
        Object {
          "borderWidth": 1,
          "paddingBottom": 320,
        }
      }
    >
      <View
        style={
          Object {
            "borderColor": "#000",
            "borderRadius": 25,
            "borderWidth": 2,
            "height": 260,
            "margin": 30,
            "padding": 20,
            "width": "86%",
          }
        }
      >
        <Text
          style={
            Object {
              "fontSize": 25,
              "marginBottom": 10,
              "paddingHorizontal": "7%",
              "textDecorationLine": "underline",
            }
          }
        >
          Scheduled Activity:
        </Text>
        <Text
          style={
            Object {
              "fontSize": 20,
            }
          }
        >
          <Text
            style={
              Object {
                "fontWeight": "bold",
              }
            }
          >
            Scheduled on: 
          </Text>
          <Text>
            2020-04-08T16:57:12Z

          </Text>
          <Text
            style={
              Object {
                "fontWeight": "bold",
              }
            }
          >
             at/in: 
          </Text>
          <Text>
            Denver, CO

          </Text>
          <Text
            style={
              Object {
                "fontWeight": "bold",
              }
            }
          >
            Forecast: 
          </Text>
          <Text>
            Overcast


          </Text>
        </Text>
        <View
          accessibilityRole="button"
          accessibilityStates={Array []}
          accessible={true}
          focusable={true}
          isTVSelectable={true}
          onClick={[Function]}
          onResponderGrant={[Function]}
          onResponderMove={[Function]}
          onResponderRelease={[Function]}
          onResponderTerminate={[Function]}
          onResponderTerminationRequest={[Function]}
          onStartShouldSetResponder={[Function]}
          style={
            Object {
              "opacity": 1,
            }
          }
        >
          <View
            style={
              Array [
                Object {},
              ]
            }
          >
            <Text
              style={
                Array [
                  Object {
                    "color": "#007AFF",
                    "fontSize": 18,
                    "padding": 8,
                    "textAlign": "center",
                  },
                  Object {
                    "color": "#000",
                  },
                ]
              }
            >
              View Activity
            </Text>
          </View>
        </View>
      </View>
      <View
        style={
          Object {
            "borderColor": "#000",
            "borderRadius": 25,
            "borderWidth": 2,
            "height": 260,
            "margin": 30,
            "padding": 20,
            "width": "86%",
          }
        }
      >
        <Text
          style={
            Object {
              "fontSize": 25,
              "marginBottom": 10,
              "paddingHorizontal": "7%",
              "textDecorationLine": "underline",
            }
          }
        >
          Scheduled Activity:
        </Text>
        <Text
          style={
            Object {
              "fontSize": 20,
            }
          }
        >
          <Text
            style={
              Object {
                "fontWeight": "bold",
              }
            }
          >
            Scheduled on: 
          </Text>
          <Text>
            2020-04-18T12:00:00Z

          </Text>
          <Text
            style={
              Object {
                "fontWeight": "bold",
              }
            }
          >
             at/in: 
          </Text>
          <Text>
            Breckenridge, CO

          </Text>
          <Text
            style={
              Object {
                "fontWeight": "bold",
              }
            }
          >
            Forecast: 
          </Text>
          <Text>
            Sunny


          </Text>
        </Text>
        <View
          accessibilityRole="button"
          accessibilityStates={Array []}
          accessible={true}
          focusable={true}
          isTVSelectable={true}
          onClick={[Function]}
          onResponderGrant={[Function]}
          onResponderMove={[Function]}
          onResponderRelease={[Function]}
          onResponderTerminate={[Function]}
          onResponderTerminationRequest={[Function]}
          onStartShouldSetResponder={[Function]}
          style={
            Object {
              "opacity": 1,
            }
          }
        >
          <View
            style={
              Array [
                Object {},
              ]
            }
          >
            <Text
              style={
                Array [
                  Object {
                    "color": "#007AFF",
                    "fontSize": 18,
                    "padding": 8,
                    "textAlign": "center",
                  },
                  Object {
                    "color": "#000",
                  },
                ]
              }
            >
              View Activity
            </Text>
          </View>
        </View>
      </View>
    </View>
  </View>
</RCTScrollView>
`;
